Check 1: outfall setter -> getter (all BC fields + guards)
  [ok]   OUT1 found = 1
  [ok]   outfall_type=NORMAL = 1
  [ok]   stage set -> FIXED = 2
  [ok]   FIXED stage round-trip = 12.5
  [ok]   tidal curve idx = 7
  [ok]   get_timeseries on TIDAL -> BADPARAM (rc=9)
  [ok]   timeseries idx = 9
  [ok]   get_tidal on TIMESERIES -> BADPARAM (rc=9)
  [ok]   flap_gate = 1
  [ok]   route_to = 0
Check 2: divider setter -> getter (all 4 methods)
  [ok]   STOR1 -> DIVIDER = 3
  [ok]   CUTOFF = 0
  [ok]   OVERFLOW = 1
  [ok]   TABULAR = 2
  [ok]   WEIR = 3
Check 3: convert -> get + fallback
  [ok]   J1 -> OUTFALL = 1
  [ok]   converted outfall FIXED stage = 8.25
  [ok]   get_outfall_type on ex-outfall returns OK (fallback) (rc=0)
Check 4: delete-ahead -> get by new index
  [ok]   OUT1 has a node ahead = 1
  [ok]   OUT1 index shifted down 1 = 1
  [ok]   outfall flap_gate after delete = 1
  [ok]   STOR1 has a node ahead = 1
  [ok]   divider index shifted down 1 = 0
  [ok]   divider method after delete = 3

=== edit-then-get (outfall/divider): PASS (0 failures) ===
