[1/87] Building CXX object src/engine/CMakeFiles/openswmm_engine.dir/hydraulics/Exfiltration.cpp.o
In file included from /Users/calebbuahin/Documents/Projects/cbuahin_github/openswmm.engine/src/engine/hydraulics/Exfiltration.cpp:12:
In file included from /Users/calebbuahin/Documents/Projects/cbuahin_github/openswmm.engine/src/engine/hydraulics/Node.hpp:21:
/Users/calebbuahin/Documents/Projects/cbuahin_github/openswmm.engine/src/engine/hydraulics/../data/TableData.hpp:652:47: warning: missing field 'cursor' initializer [-Wmissing-field-initializers]
  652 |         tables.push_back({id, type, {}, {}, {}});
      |                                               ^
1 warning generated.
[2/87] Building CXX object src/engine/CMakeFiles/openswmm_engine.dir/hydraulics/Outfall.cpp.o
In file included from /Users/calebbuahin/Documents/Projects/cbuahin_github/openswmm.engine/src/engine/hydraulics/Outfall.cpp:12:
In file included from /Users/calebbuahin/Documents/Projects/cbuahin_github/openswmm.engine/src/engine/hydraulics/../core/SimulationContext.hpp:66:
In file included from /Users/calebbuahin/Documents/Projects/cbuahin_github/openswmm.engine/src/engine/hydraulics/../core/../data/GageData.hpp:26:
/Users/calebbuahin/Documents/Projects/cbuahin_github/openswmm.engine/src/engine/hydraulics/../core/../data/TableData.hpp:652:47: warning: missing field 'cursor' initializer [-Wmissing-field-initializers]
  652 |         tables.push_back({id, type, {}, {}, {}});
      |                                               ^
/Users/calebbuahin/Documents/Projects/cbuahin_github/openswmm.engine/src/engine/hydraulics/Outfall.cpp:25:12: warning: unused function 'translateShape' [-Wunused-function]
   25 | static int translateShape(XsectShape link_shape) {
      |            ^~~~~~~~~~~~~~
2 warnings generated.
[3/87] Building CXX object src/engine/CMakeFiles/openswmm_engine.dir/2d/coupling/NodeCoupling.cpp.o
In file included from /Users/calebbuahin/Documents/Projects/cbuahin_github/openswmm.engine/src/engine/2d/coupling/NodeCoupling.cpp:10:
In file included from /Users/calebbuahin/Documents/Projects/cbuahin_github/openswmm.engine/src/engine/2d/coupling/../../core/SimulationContext.hpp:66:
In file included from /Users/calebbuahin/Documents/Projects/cbuahin_github/openswmm.engine/src/engine/2d/coupling/../../core/../data/GageData.hpp:26:
/Users/calebbuahin/Documents/Projects/cbuahin_github/openswmm.engine/src/engine/2d/coupling/../../core/../data/TableData.hpp:652:47: warning: missing field 'cursor' initializer [-Wmissing-field-initializers]
  652 |         tables.push_back({id, type, {}, {}, {}});
      |                                               ^
/Users/calebbuahin/Documents/Projects/cbuahin_github/openswmm.engine/src/engine/2d/coupling/NodeCoupling.cpp:47:67: warning: unused parameter 'full_depth' [-Wunused-parameter]
   47 | inline double effectiveArea(double h_max, double z_ground, double full_depth,
      |                                                                   ^
/Users/calebbuahin/Documents/Projects/cbuahin_github/openswmm.engine/src/engine/2d/coupling/NodeCoupling.cpp:225:22: warning: variable 'z_2d' set but not used [-Wunused-but-set-variable]
  225 |         double h_2d, z_2d;
      |                      ^
3 warnings generated.
[4/87] Building CXX object src/engine/CMakeFiles/openswmm_engine.dir/hydraulics/Routing.cpp.o
In file included from /Users/calebbuahin/Documents/Projects/cbuahin_github/openswmm.engine/src/engine/hydraulics/Routing.cpp:17:
In file included from /Users/calebbuahin/Documents/Projects/cbuahin_github/openswmm.engine/src/engine/hydraulics/Node.hpp:21:
/Users/calebbuahin/Documents/Projects/cbuahin_github/openswmm.engine/src/engine/hydraulics/../data/TableData.hpp:652:47: warning: missing field 'cursor' initializer [-Wmissing-field-initializers]
  652 |         tables.push_back({id, type, {}, {}, {}});
      |                                               ^
/Users/calebbuahin/Documents/Projects/cbuahin_github/openswmm.engine/src/engine/hydraulics/Routing.cpp:729:11: warning: unused variable 'links' [-Wunused-variable]
  729 |     auto& links = ctx.links;
      |           ^~~~~
2 warnings generated.
[5/87] Linking CXX shared library src/engine/libopenswmm.engine.6.0.0.dylib
ld: warning: ignoring duplicate libraries: '-ldl', '-lm'
[6/87] Creating library symlink src/engine/libopenswmm.engine.6.dylib src/engine/libopenswmm.engine.dylib
[7/87] Linking CXX executable bin/Debug/test_engine_timeseries_cursor
[8/87] Linking CXX executable bin/Debug/test_engine_tokenizer
[9/87] Linking CXX executable bin/Debug/test_engine_csv_timeseries
[10/87] Linking CXX executable bin/Debug/test_engine_pathresolver
[11/87] Linking CXX executable bin/Debug/test_engine_options_parser
[12/87] Linking CXX executable bin/Debug/test_engine_timeseries_file_roundtrip
[13/87] Linking CXX executable bin/Debug/test_engine_plugin_filter_invariant
[14/87] Linking CXX executable bin/Debug/test_engine_pluginfactory_builtins
[15/87] Linking CXX executable bin/Debug/test_engine_postparse_resolver
[16/87] Linking CXX executable bin/Debug/test_engine_inp_writer_relative_paths
[17/87] Linking CXX executable src/cli/openswmm
[18/87] Linking CXX executable bin/Debug/test_engine_plugin_lifecycle
[19/87] Linking CXX executable bin/Debug/test_engine_hotstart
[20/87] Linking CXX executable bin/Debug/test_engine_files_section
[21/87] Linking CXX executable bin/Debug/test_engine_report_options_api
[22/87] Linking CXX executable bin/Debug/test_engine_output_node_stats
[23/87] Linking CXX executable bin/Debug/test_engine_timestep_ctrl
[24/87] Linking CXX executable bin/Debug/test_engine_io_thread
[25/87] Linking CXX executable bin/Debug/test_engine_simd_math
[26/87] Linking CXX executable bin/Debug/test_engine_mathexpr
[27/87] Linking CXX executable bin/Debug/test_engine_events_section
[28/87] Linking CXX executable bin/Debug/test_engine_model_write_with_plugin
[29/87] Linking CXX executable bin/Debug/test_engine_capi_file_paths
[30/87] Linking CXX executable bin/Debug/test_engine_user_flags
[31/87] Linking CXX executable bin/Debug/test_engine_section_registry
[32/87] Linking CXX executable bin/Debug/test_engine_street_xsect_api
[33/87] Linking CXX executable bin/Debug/test_engine_infiltration
[34/87] Linking CXX executable bin/Debug/test_engine_crs
[35/87] Linking CXX executable bin/Debug/test_engine_runoff
[36/87] Linking CXX executable bin/Debug/test_engine_user_flags_capi
[37/87] Linking CXX executable bin/Debug/test_engine_ode_solver
[38/87] Linking CXX executable bin/Debug/test_engine_xsection
[39/87] Linking CXX executable bin/Debug/test_engine_street_xsect
[40/87] Linking CXX executable bin/Debug/test_engine_massbalance
[41/87] Linking CXX executable bin/Debug/test_engine_snow
[42/87] Linking CXX executable bin/Debug/test_engine_lid
[43/87] Linking CXX executable bin/Debug/test_engine_gage_attributes
[44/87] Linking CXX executable bin/Debug/test_engine_climate
[45/87] Linking CXX executable bin/Debug/test_engine_groundwater
[46/87] Linking CXX executable bin/Debug/test_engine_exfiltration
[47/87] Linking CXX executable bin/Debug/test_engine_routing
[48/87] Linking CXX executable bin/Debug/test_engine_benchmark_corpus
[49/87] Linking CXX executable bin/Debug/test_engine_quality_routing
[50/87] Linking CXX executable bin/Debug/test_engine_gage_scalefactor
[51/87] Linking CXX executable bin/Debug/test_engine_pattern_mutation
[52/87] Linking CXX executable bin/Debug/test_engine_hydrograph_mutation
[53/87] Linking CXX executable bin/Debug/test_engine_da4_api
[54/87] Linking CXX executable bin/Debug/test_engine_controls
[55/87] Linking CXX executable bin/Debug/test_engine_controls_legacy_parity
[56/87] Linking CXX executable bin/Debug/test_engine_treatment
[57/87] Linking CXX executable bin/Debug/test_engine_rdii
[58/87] Linking CXX executable bin/Debug/test_engine_transect_mutation
[59/87] Linking CXX executable bin/Debug/test_engine_transect_inp_parser
[60/87] Linking CXX executable bin/Debug/test_engine_control_rule_validate
[61/87] Linking CXX executable bin/Debug/test_engine_statistics_bulk_phase3
[62/87] Linking CXX executable bin/Debug/test_engine_links_pump_stats_bulk
[63/87] Linking CXX executable bin/Debug/test_engine_gap_fixes
[64/87] Linking CXX executable bin/Debug/test_engine_nodes_bulk_phase3
[65/87] Linking CXX executable bin/Debug/test_engine_subcatchments_bulk_phase3
[66/87] Linking CXX executable bin/Debug/test_engine_subcatch_editor_api
[67/87] Linking CXX executable bin/Debug/test_engine_links_bulk_phase3
[68/87] Linking CXX executable bin/Debug/test_engine_report_section
[69/87] Linking CXX executable bin/Debug/test_engine_concurrent
[70/87] Linking CXX executable bin/Debug/test_engine_object_deletion
[71/87] Linking CXX executable bin/Debug/test_engine_type_conversion
[72/87] Linking CXX executable bin/Debug/test_engine_runoff_interface_capi
[73/87] Linking CXX executable bin/Debug/test_engine_2d_coupling_units
[74/87] Linking CXX executable bin/Debug/test_engine_xsect_parity
[75/87] Linking CXX executable bin/Debug/test_engine_2d_outfall_coupling
[76/87] Linking CXX executable bin/Debug/test_engine_inp_writer_2d
[77/87] Linking CXX executable bin/Debug/test_engine_link_flow_roundtrip
[78/87] Linking CXX executable bin/Debug/test_engine_geopackage_mesh2d
[79/87] Linking CXX executable bin/Debug/test_engine_site_drainage_builder
[80/87] Linking CXX executable bin/Debug/test_engine_tags
[81/87] Linking CXX executable bin/Debug/test_engine_geopackage_schema_external_content
[82/87] Linking CXX executable bin/Debug/test_engine_geopackage
[83/87] Linking CXX executable bin/Debug/test_engine_geopackage_formats
[84/87] Linking CXX executable bin/Debug/test_engine_2d_surface
[85/87] Linking CXX executable bin/Debug/test_engine_geopackage_external_content_writer
[86/87] Linking CXX executable bin/Debug/test_engine_geopackage_external_content_reader
[87/87] Linking CXX executable tests/regression/test_engine_regression
