
  OPENSWMM ENGINE - VERSION 6.0.0-alpha.1
  -------------------------------------------
  QA Phase 3-exfilgeom — TABULAR storage + exfiltration (curve geometry path).
  Exercises ExfilSolver::init's TABULAR branch: storage_curve read via the
  side-table (sr from storage_row), wide fallback. Exfil + seep set via C-API.
  
  ****************
  Analysis Options
  ****************
  Flow Units ............... CFS
  Process Models:
    Rainfall/Runoff ........ NO
    RDII ................... NO
    Snowmelt ............... NO
    Groundwater ............ NO
    Flow Routing ........... YES
    Ponding Allowed ........ NO
    Water Quality .......... NO
  Flow Routing Method ...... KINWAVE
  Starting Date ............ 01/01/2020 00:00:00
  Ending Date .............. 01/01/2020 06:00:00
  Antecedent Dry Days ...... 0.0
  Report Time Step ......... 00:05:00
  Routing Time Step ........ 10.00 sec
  
  
  **************************        Volume         Depth
  Runoff Quantity Continuity     acre-feet        inches
  **************************     ---------       -------
  Total Precipitation ......         0.000         0.000
  Evaporation Loss .........         0.000         0.000
  Infiltration Loss ........         0.000         0.000
  Surface Runoff ...........         0.000         0.000
  Final Storage ............         0.000         0.000
  Continuity Error (%) .....         0.000
  
  
  **************************        Volume        Volume
  Flow Routing Continuity        acre-feet      10^6 gal
  **************************     ---------     ---------
  Dry Weather Inflow .......         0.000         0.000
  Wet Weather Inflow .......         0.000         0.000
  Groundwater Inflow .......         0.000         0.000
  RDII Inflow ..............         0.000         0.000
  External Inflow ..........         1.688         0.550
  External Outflow .........         1.689         0.550
  Flooding Loss ............         0.000         0.000
  Evaporation Loss .........         0.000         0.000
  Exfiltration Loss ........         0.000         0.000
  Initial Stored Volume ....         0.051         0.017
  Final Stored Volume ......         0.034         0.011
  Continuity Error (%) .....         0.950
  
  
  *************************
  Highest Continuity Errors
  *************************
  No errors.
  
  
  ***************************
  Time-Step Critical Elements
  ***************************
  None
  
  
  ********************************
  Highest Flow Instability Indexes
  ********************************
  All links are stable.
  
  
  *********************************
  Most Frequent Nonconverging Nodes
  *********************************
  Convergence obtained at all time steps.
  
  
  *************************
  Routing Time Step Summary
  *************************
  Minimum Time Step           :    10.00 sec
  Average Time Step           :    10.00 sec
  Maximum Time Step           :    10.00 sec
  % of Time in Steady State   :     0.00
  Average Iterations per Step :     0.02
  % of Steps Not Converging   :     0.00
  Time Step Frequencies       :
     10.000 - 10.000 sec      :   100.00 %
     10.000 - 10.000 sec      :     0.00 %
     10.000 - 10.000 sec      :     0.00 %
     10.000 - 10.000 sec      :     0.00 %
     10.000 - 10.000 sec      :     0.00 %
  
  
  
  
  
  
  ******************
  Node Depth Summary
  ******************

  ---------------------------------------------------------------------------------
                                 Average  Maximum  Maximum  Time of Max    Reported
                                   Depth    Depth      HGL   Occurrence   Max Depth
  Node                 Type       Feet     Feet     Feet    days hr:min      Feet  
  ---------------------------------------------------------------------------------
  J1                   JUNCTION     0.53     0.53    20.53     0  00:00        0.53
  STOR1                STORAGE      2.05     2.18    12.18     0  00:07        2.18
  OUT1                 OUTFALL      0.25     0.72     5.72     0  00:05        0.72
  
  
  *******************
  Node Inflow Summary
  *******************

  -------------------------------------------------------------------------------------------------
                                  Maximum  Maximum                  Lateral       Total        Flow
                                  Lateral    Total  Time of Max      Inflow      Inflow     Balance
                                   Inflow   Inflow   Occurrence      Volume      Volume       Error
  Node                 Type           CFS      CFS  days hr:min    10^6 gal    10^6 gal     Percent
  -------------------------------------------------------------------------------------------------
  J1                   JUNCTION     10.00    10.00     0  00:00       0.550       0.550       0.000
  STOR1                STORAGE       0.00    10.00     0  00:04       0.000       0.550       0.000
  OUT1                 OUTFALL       0.00    10.00     0  00:05       0.000       0.550       0.000
  
  
  
  
  *********************
  Node Flooding Summary
  *********************
  
  No nodes were flooded.
  
  
  **********************
  Storage Volume Summary
  **********************

  ------------------------------------------------------------------------------------------------
                         Average    Avg   Evap  Exfil     Maximum    Max    Time of Max    Maximum
                          Volume   Pcnt   Pcnt   Pcnt      Volume   Pcnt     Occurrence    Outflow
  Storage Unit          1000 ft3   Full   Loss   Loss    1000 ft3   Full    days hr:min        CFS
  ------------------------------------------------------------------------------------------------
  STOR1                    4.950   17.1    0.0    0.0       5.269   18.2       0  00:07      10.00
  
  
  ***********************
  Outfall Loading Summary
  ***********************
 
  ----------------------------------------------------------- 
                         Flow       Avg       Max       Total 
                         Freq      Flow      Flow      Volume 
  Outfall Node           Pcnt       CFS       CFS    10^6 gal 
  -----------------------------------------------------------
  OUT1                  37.45      9.09     10.00       0.550 
  -----------------------------------------------------------
  System                37.45      9.09     10.00       0.550
  
  
  ********************
  Link Flow Summary
  ********************

  -----------------------------------------------------------------------------
                                 Maximum  Time of Max   Maximum    Max/    Max/
                                  |Flow|   Occurrence   |Veloc|    Full    Full
  Link                 Type          CFS  days hr:min    ft/sec    Flow   Depth
  -----------------------------------------------------------------------------
  C_IN                 CONDUIT     10.00     0  00:04     16.40    0.07    0.18
  C_OUT                CONDUIT     10.00     0  00:05      9.86    0.28    0.36
  
  
  ***************************
  Flow Classification Summary
  ***************************

  -------------------------------------------------------------------------------------
                      Adjusted    ---------- Fraction of Time in Flow Class ---------- 
                       /Actual         Up    Down  Sub   Sup   Up    Down  Norm  Inlet 
  Conduit               Length    Dry  Dry   Dry   Crit  Crit  Crit  Crit  Ltd   Ctrl  
  -------------------------------------------------------------------------------------
  C_IN                    1.00   1.00  0.00  0.00  0.00  0.00  0.00  0.00  0.00  0.00
  C_OUT                   1.00   1.00  0.00  0.00  0.00  0.00  0.00  0.00  0.00  0.00
  
  *************************
  Conduit Surcharge Summary
  *************************
  
  No conduits were surcharged.
  
  

  Analysis begun on:  Sat Jun 20 19:05:51 2026
  Analysis ended on:  Sat Jun 20 19:05:51 2026
  Total elapsed time: < 1 sec
