[1/193] Building CXX object src/engine/input/geopackage/CMakeFiles/openswmm_geopackage.dir/GeoPackageWriter.cpp.o
FAILED: [code=1] src/engine/input/geopackage/CMakeFiles/openswmm_geopackage.dir/GeoPackageWriter.cpp.o 
/Applications/Xcode.app/Contents/Developer/Toolchains/XcodeDefault.xctoolchain/usr/bin/c++ -DOPENSWMM_HAS_GEOPACKAGE=1 -Dopenswmm_engine_EXPORTS -I/Users/calebbuahin/Documents/Projects/cbuahin_github/openswmm.engine/src/engine/input/geopackage -I/Users/calebbuahin/Documents/Projects/cbuahin_github/openswmm.engine/include -I/Users/calebbuahin/Documents/Projects/cbuahin_github/openswmm.engine/include/openswmm/engine -I/Users/calebbuahin/Documents/Projects/cbuahin_github/openswmm.engine/include/openswmm/plugin_sdk -I/Users/calebbuahin/Documents/Projects/cbuahin_github/openswmm.engine/src/engine -I/Users/calebbuahin/Documents/Projects/cbuahin_github/openswmm.engine/build-arm64-osx/include -isystem /Users/calebbuahin/Documents/Projects/cbuahin_github/openswmm.engine/build-arm64-osx/vcpkg_installed/arm64-osx/include -Wall -Wextra -fno-fast-math -ffp-contract=off -fno-math-errno -fvisibility=hidden -O0 -g -DDEBUG -std=c++20 -arch arm64 -isysroot /Applications/Xcode.app/Contents/Developer/Platforms/MacOSX.platform/Developer/SDKs/MacOSX26.5.sdk -mmacosx-version-min=26.4 -fPIC -fvisibility=hidden -fvisibility-inlines-hidden -MD -MT src/engine/input/geopackage/CMakeFiles/openswmm_geopackage.dir/GeoPackageWriter.cpp.o -MF src/engine/input/geopackage/CMakeFiles/openswmm_geopackage.dir/GeoPackageWriter.cpp.o.d -o src/engine/input/geopackage/CMakeFiles/openswmm_geopackage.dir/GeoPackageWriter.cpp.o -c /Users/calebbuahin/Documents/Projects/cbuahin_github/openswmm.engine/src/engine/input/geopackage/GeoPackageWriter.cpp
In file included from /Users/calebbuahin/Documents/Projects/cbuahin_github/openswmm.engine/src/engine/input/geopackage/GeoPackageWriter.cpp:13:
In file included from /Users/calebbuahin/Documents/Projects/cbuahin_github/openswmm.engine/src/engine/core/SimulationContext.hpp:66:
In file included from /Users/calebbuahin/Documents/Projects/cbuahin_github/openswmm.engine/src/engine/core/../data/GageData.hpp:26:
/Users/calebbuahin/Documents/Projects/cbuahin_github/openswmm.engine/src/engine/core/../data/TableData.hpp:652:47: warning: missing field 'cursor' initializer [-Wmissing-field-initializers]
  652 |         tables.push_back({id, type, {}, {}, {}});
      |                                               ^
/Users/calebbuahin/Documents/Projects/cbuahin_github/openswmm.engine/src/engine/input/geopackage/GeoPackageWriter.cpp:316:98: error: no member named 'outfall_type' in 'openswmm::NodeData'
  316 |             bind_text(stmt.get(), 10, outfall_type_str(r>=0 ? O.bc_type[ur] : safe_get(ctx.nodes.outfall_type, (size_t)i, OutfallType::FREE)));
      |                                                                                        ~~~~~~~~~ ^
/Users/calebbuahin/Documents/Projects/cbuahin_github/openswmm.engine/src/engine/input/geopackage/GeoPackageWriter.cpp:317:81: error: no member named 'outfall_param' in 'openswmm::NodeData'
  317 |             bind_double(stmt.get(), 11, r>=0 ? O.param[ur] : safe_dbl(ctx.nodes.outfall_param, i));
      |                                                                       ~~~~~~~~~ ^
/Users/calebbuahin/Documents/Projects/cbuahin_github/openswmm.engine/src/engine/input/geopackage/GeoPackageWriter.cpp:318:87: error: no member named 'outfall_has_flap_gate' in 'openswmm::NodeData'
  318 |             bind_int(stmt.get(), 12, (r>=0 ? O.has_flap_gate[ur] : safe_get(ctx.nodes.outfall_has_flap_gate, (size_t)i, uint8_t{0})) ? 1 : 0);
      |                                                                             ~~~~~~~~~ ^
/Users/calebbuahin/Documents/Projects/cbuahin_github/openswmm.engine/src/engine/input/geopackage/GeoPackageWriter.cpp:329:97: error: no member named 'divider_type' in 'openswmm::NodeData'
  329 |             bind_text(stmt.get(), 13, divider_type_str(r>=0 ? D.method[ur] : safe_get(ctx.nodes.divider_type, (size_t)i, DividerType::CUTOFF)));
      |                                                                                       ~~~~~~~~~ ^
/Users/calebbuahin/Documents/Projects/cbuahin_github/openswmm.engine/src/engine/input/geopackage/GeoPackageWriter.cpp:330:82: error: no member named 'divider_cutoff' in 'openswmm::NodeData'
  330 |             bind_double(stmt.get(), 14, r>=0 ? D.cutoff[ur] : safe_dbl(ctx.nodes.divider_cutoff, i));
      |                                                                        ~~~~~~~~~ ^
/Users/calebbuahin/Documents/Projects/cbuahin_github/openswmm.engine/src/engine/input/geopackage/GeoPackageWriter.cpp:332:62: error: no member named 'divider_curve_name' in 'openswmm::NodeData'
  332 |                                        : (i < (int)ctx.nodes.divider_curve_name.size() ? ctx.nodes.divider_curve_name[i] : "");
      |                                                    ~~~~~~~~~ ^
/Users/calebbuahin/Documents/Projects/cbuahin_github/openswmm.engine/src/engine/input/geopackage/GeoPackageWriter.cpp:332:100: error: no member named 'divider_curve_name' in 'openswmm::NodeData'
  332 |                                        : (i < (int)ctx.nodes.divider_curve_name.size() ? ctx.nodes.divider_curve_name[i] : "");
      |                                                                                          ~~~~~~~~~ ^
/Users/calebbuahin/Documents/Projects/cbuahin_github/openswmm.engine/src/engine/input/geopackage/GeoPackageWriter.cpp:346:62: error: no member named 'storage_curve_name' in 'openswmm::NodeData'
  346 |                                        : (i < (int)ctx.nodes.storage_curve_name.size() ? ctx.nodes.storage_curve_name[i] : "");
      |                                                    ~~~~~~~~~ ^
/Users/calebbuahin/Documents/Projects/cbuahin_github/openswmm.engine/src/engine/input/geopackage/GeoPackageWriter.cpp:346:100: error: no member named 'storage_curve_name' in 'openswmm::NodeData'
  346 |                                        : (i < (int)ctx.nodes.storage_curve_name.size() ? ctx.nodes.storage_curve_name[i] : "");
      |                                                                                          ~~~~~~~~~ ^
/Users/calebbuahin/Documents/Projects/cbuahin_github/openswmm.engine/src/engine/input/geopackage/GeoPackageWriter.cpp:349:77: error: no member named 'storage_a' in 'openswmm::NodeData'
  349 |             bind_double(stmt.get(), 17, r>=0 ? S.a[ur] : safe_dbl(ctx.nodes.storage_a, i));
      |                                                                   ~~~~~~~~~ ^
/Users/calebbuahin/Documents/Projects/cbuahin_github/openswmm.engine/src/engine/input/geopackage/GeoPackageWriter.cpp:350:77: error: no member named 'storage_b' in 'openswmm::NodeData'
  350 |             bind_double(stmt.get(), 18, r>=0 ? S.b[ur] : safe_dbl(ctx.nodes.storage_b, i));
      |                                                                   ~~~~~~~~~ ^
/Users/calebbuahin/Documents/Projects/cbuahin_github/openswmm.engine/src/engine/input/geopackage/GeoPackageWriter.cpp:351:77: error: no member named 'storage_c' in 'openswmm::NodeData'
  351 |             bind_double(stmt.get(), 19, r>=0 ? S.c[ur] : safe_dbl(ctx.nodes.storage_c, i));
      |                                                                   ~~~~~~~~~ ^
1 warning and 12 errors generated.
[2/193] Building CXX object src/engine/input/geopackage/CMakeFiles/openswmm_geopackage.dir/GeoPackageInputPlugin.cpp.o
In file included from /Users/calebbuahin/Documents/Projects/cbuahin_github/openswmm.engine/src/engine/input/geopackage/GeoPackageInputPlugin.cpp:13:
In file included from /Users/calebbuahin/Documents/Projects/cbuahin_github/openswmm.engine/src/engine/core/SimulationContext.hpp:66:
In file included from /Users/calebbuahin/Documents/Projects/cbuahin_github/openswmm.engine/src/engine/core/../data/GageData.hpp:26:
/Users/calebbuahin/Documents/Projects/cbuahin_github/openswmm.engine/src/engine/core/../data/TableData.hpp:652:47: warning: missing field 'cursor' initializer [-Wmissing-field-initializers]
  652 |         tables.push_back({id, type, {}, {}, {}});
      |                                               ^
1 warning generated.
[3/193] Building CXX object src/engine/input/geopackage/CMakeFiles/openswmm_geopackage.dir/GeoPackageReportPlugin.cpp.o
In file included from /Users/calebbuahin/Documents/Projects/cbuahin_github/openswmm.engine/src/engine/input/geopackage/GeoPackageReportPlugin.cpp:10:
In file included from /Users/calebbuahin/Documents/Projects/cbuahin_github/openswmm.engine/src/engine/core/SimulationContext.hpp:66:
In file included from /Users/calebbuahin/Documents/Projects/cbuahin_github/openswmm.engine/src/engine/core/../data/GageData.hpp:26:
/Users/calebbuahin/Documents/Projects/cbuahin_github/openswmm.engine/src/engine/core/../data/TableData.hpp:652:47: warning: missing field 'cursor' initializer [-Wmissing-field-initializers]
  652 |         tables.push_back({id, type, {}, {}, {}});
      |                                               ^
1 warning generated.
[4/193] Building CXX object src/engine/CMakeFiles/openswmm_engine.dir/core/InterfaceFile.cpp.o
In file included from /Users/calebbuahin/Documents/Projects/cbuahin_github/openswmm.engine/src/engine/core/InterfaceFile.cpp:26:
In file included from /Users/calebbuahin/Documents/Projects/cbuahin_github/openswmm.engine/src/engine/core/SimulationContext.hpp:66:
In file included from /Users/calebbuahin/Documents/Projects/cbuahin_github/openswmm.engine/src/engine/core/../data/GageData.hpp:26:
/Users/calebbuahin/Documents/Projects/cbuahin_github/openswmm.engine/src/engine/core/../data/TableData.hpp:652:47: warning: missing field 'cursor' initializer [-Wmissing-field-initializers]
  652 |         tables.push_back({id, type, {}, {}, {}});
      |                                               ^
1 warning generated.
[5/193] Building CXX object src/engine/input/geopackage/CMakeFiles/openswmm_geopackage.dir/ExternalContentWriter.cpp.o
In file included from /Users/calebbuahin/Documents/Projects/cbuahin_github/openswmm.engine/src/engine/input/geopackage/ExternalContentWriter.cpp:20:
In file included from /Users/calebbuahin/Documents/Projects/cbuahin_github/openswmm.engine/src/engine/input/geopackage/../../core/SimulationContext.hpp:66:
In file included from /Users/calebbuahin/Documents/Projects/cbuahin_github/openswmm.engine/src/engine/input/geopackage/../../core/../data/GageData.hpp:26:
/Users/calebbuahin/Documents/Projects/cbuahin_github/openswmm.engine/src/engine/input/geopackage/../../core/../data/TableData.hpp:652:47: warning: missing field 'cursor' initializer [-Wmissing-field-initializers]
  652 |         tables.push_back({id, type, {}, {}, {}});
      |                                               ^
1 warning generated.
[6/193] Building CXX object src/engine/input/geopackage/CMakeFiles/openswmm_geopackage.dir/GeoPackageOutputPlugin.cpp.o
In file included from /Users/calebbuahin/Documents/Projects/cbuahin_github/openswmm.engine/src/engine/input/geopackage/GeoPackageOutputPlugin.cpp:11:
In file included from /Users/calebbuahin/Documents/Projects/cbuahin_github/openswmm.engine/src/engine/core/SimulationContext.hpp:66:
In file included from /Users/calebbuahin/Documents/Projects/cbuahin_github/openswmm.engine/src/engine/core/../data/GageData.hpp:26:
/Users/calebbuahin/Documents/Projects/cbuahin_github/openswmm.engine/src/engine/core/../data/TableData.hpp:652:47: warning: missing field 'cursor' initializer [-Wmissing-field-initializers]
  652 |         tables.push_back({id, type, {}, {}, {}});
      |                                               ^
1 warning generated.
[7/193] Building CXX object src/engine/CMakeFiles/openswmm_engine.dir/core/InpWriter.cpp.o
FAILED: [code=1] src/engine/CMakeFiles/openswmm_engine.dir/core/InpWriter.cpp.o 
/Applications/Xcode.app/Contents/Developer/Toolchains/XcodeDefault.xctoolchain/usr/bin/c++ -DOPENSWMM_HAS_2D=1 -DOPENSWMM_HAS_GEOPACKAGE=1 -DOPENSWMM_HAVE_HYPRE -DSUNDIALS_STATIC_DEFINE -DSWMM_OS_MACOS -DSWMM_USE_OPENMP -DUSE_VENDOR_BLAS -Dopenswmm_engine_EXPORTS -I/Users/calebbuahin/Documents/Projects/cbuahin_github/openswmm.engine/include -I/Users/calebbuahin/Documents/Projects/cbuahin_github/openswmm.engine/include/openswmm/engine -I/Users/calebbuahin/Documents/Projects/cbuahin_github/openswmm.engine/include/openswmm/plugin_sdk -I/Users/calebbuahin/Documents/Projects/cbuahin_github/openswmm.engine/build-arm64-osx/src/engine -I/Users/calebbuahin/Documents/Projects/cbuahin_github/openswmm.engine/src/engine -I/Users/calebbuahin/Documents/Projects/cbuahin_github/openswmm.engine/build-arm64-osx/include -I/Users/calebbuahin/Documents/Projects/cbuahin_github/openswmm.engine/src/engine/input/geopackage -isystem /opt/homebrew/opt/libomp/include -isystem /Users/calebbuahin/Documents/Projects/cbuahin_github/openswmm.engine/build-arm64-osx/vcpkg_installed/arm64-osx/include -Wall -Wextra -fno-fast-math -ffp-contract=off -fno-math-errno -fvisibility=hidden -O0 -g -DDEBUG -std=c++20 -arch arm64 -isysroot /Applications/Xcode.app/Contents/Developer/Platforms/MacOSX.platform/Developer/SDKs/MacOSX26.5.sdk -mmacosx-version-min=26.4 -fPIC -fvisibility=default -mcpu=native -Xpreprocessor -fopenmp -MD -MT src/engine/CMakeFiles/openswmm_engine.dir/core/InpWriter.cpp.o -MF src/engine/CMakeFiles/openswmm_engine.dir/core/InpWriter.cpp.o.d -o src/engine/CMakeFiles/openswmm_engine.dir/core/InpWriter.cpp.o -c /Users/calebbuahin/Documents/Projects/cbuahin_github/openswmm.engine/src/engine/core/InpWriter.cpp
In file included from /Users/calebbuahin/Documents/Projects/cbuahin_github/openswmm.engine/src/engine/core/InpWriter.cpp:33:
In file included from /Users/calebbuahin/Documents/Projects/cbuahin_github/openswmm.engine/src/engine/core/SimulationContext.hpp:66:
In file included from /Users/calebbuahin/Documents/Projects/cbuahin_github/openswmm.engine/src/engine/core/../data/GageData.hpp:26:
/Users/calebbuahin/Documents/Projects/cbuahin_github/openswmm.engine/src/engine/core/../data/TableData.hpp:652:47: warning: missing field 'cursor' initializer [-Wmissing-field-initializers]
  652 |         tables.push_back({id, type, {}, {}, {}});
      |                                               ^
/Users/calebbuahin/Documents/Projects/cbuahin_github/openswmm.engine/src/engine/core/InpWriter.cpp:1017:88: error: no member named 'outfall_type' in 'openswmm::NodeData'
 1017 |     const OutfallType otype = (orow>=0)?O.bc_type[static_cast<size_t>(orow)]:ctx.nodes.outfall_type[u];
      |                                                                              ~~~~~~~~~ ^
/Users/calebbuahin/Documents/Projects/cbuahin_github/openswmm.engine/src/engine/core/InpWriter.cpp:1018:86: error: no member named 'outfall_has_flap_gate' in 'openswmm::NodeData'
 1018 |     const int oflap = (orow>=0)?O.has_flap_gate[static_cast<size_t>(orow)]:ctx.nodes.outfall_has_flap_gate[u];
      |                                                                            ~~~~~~~~~ ^
/Users/calebbuahin/Documents/Projects/cbuahin_github/openswmm.engine/src/engine/core/InpWriter.cpp:1019:82: error: no member named 'outfall_param' in 'openswmm::NodeData'
 1019 |     const double oparam = (orow>=0)?O.param[static_cast<size_t>(orow)]:ctx.nodes.outfall_param[u];
      |                                                                        ~~~~~~~~~ ^
/Users/calebbuahin/Documents/Projects/cbuahin_github/openswmm.engine/src/engine/core/InpWriter.cpp:1037:45: error: no member named 'divider_link' in 'openswmm::NodeData'
 1037 |                           : ((u < ctx.nodes.divider_link.size()) ? ctx.nodes.divider_link[u] : -1);
      |                                   ~~~~~~~~~ ^
/Users/calebbuahin/Documents/Projects/cbuahin_github/openswmm.engine/src/engine/core/InpWriter.cpp:1037:78: error: no member named 'divider_link' in 'openswmm::NodeData'
 1037 |                           : ((u < ctx.nodes.divider_link.size()) ? ctx.nodes.divider_link[u] : -1);
      |                                                                    ~~~~~~~~~ ^
/Users/calebbuahin/Documents/Projects/cbuahin_github/openswmm.engine/src/engine/core/InpWriter.cpp:1062:46: error: no member named 'divider_curve' in 'openswmm::NodeData'
 1062 |                            : ((u < ctx.nodes.divider_curve.size()) ? ctx.nodes.divider_curve[u] : -1);
      |                                    ~~~~~~~~~ ^
/Users/calebbuahin/Documents/Projects/cbuahin_github/openswmm.engine/src/engine/core/InpWriter.cpp:1062:80: error: no member named 'divider_curve' in 'openswmm::NodeData'
 1062 |                            : ((u < ctx.nodes.divider_curve.size()) ? ctx.nodes.divider_curve[u] : -1);
      |                                                                      ~~~~~~~~~ ^
/Users/calebbuahin/Documents/Projects/cbuahin_github/openswmm.engine/src/engine/core/InpWriter.cpp:1094:79: error: no member named 'storage_curve' in 'openswmm::NodeData'
 1094 |     const int scurve = (srow>=0)?S.curve[static_cast<size_t>(srow)]:ctx.nodes.storage_curve[u];
      |                                                                     ~~~~~~~~~ ^
/Users/calebbuahin/Documents/Projects/cbuahin_github/openswmm.engine/src/engine/core/InpWriter.cpp:1098:76: error: no member named 'storage_a' in 'openswmm::NodeData'
 1098 |         const double sa=(srow>=0)?S.a[static_cast<size_t>(srow)]:ctx.nodes.storage_a[u];
      |                                                                  ~~~~~~~~~ ^
/Users/calebbuahin/Documents/Projects/cbuahin_github/openswmm.engine/src/engine/core/InpWriter.cpp:1099:76: error: no member named 'storage_b' in 'openswmm::NodeData'
 1099 |         const double sb=(srow>=0)?S.b[static_cast<size_t>(srow)]:ctx.nodes.storage_b[u];
      |                                                                  ~~~~~~~~~ ^
/Users/calebbuahin/Documents/Projects/cbuahin_github/openswmm.engine/src/engine/core/InpWriter.cpp:1100:76: error: no member named 'storage_c' in 'openswmm::NodeData'
 1100 |         const double sc=(srow>=0)?S.c[static_cast<size_t>(srow)]:ctx.nodes.storage_c[u];
      |                                                                  ~~~~~~~~~ ^
1 warning and 11 errors generated.
[8/193] Building CXX object src/engine/CMakeFiles/openswmm_engine.dir/core/HotStartManager.cpp.o
In file included from /Users/calebbuahin/Documents/Projects/cbuahin_github/openswmm.engine/src/engine/core/HotStartManager.cpp:29:
In file included from /Users/calebbuahin/Documents/Projects/cbuahin_github/openswmm.engine/src/engine/core/SimulationContext.hpp:66:
In file included from /Users/calebbuahin/Documents/Projects/cbuahin_github/openswmm.engine/src/engine/core/../data/GageData.hpp:26:
/Users/calebbuahin/Documents/Projects/cbuahin_github/openswmm.engine/src/engine/core/../data/TableData.hpp:652:47: warning: missing field 'cursor' initializer [-Wmissing-field-initializers]
  652 |         tables.push_back({id, type, {}, {}, {}});
      |                                               ^
1 warning generated.
[9/193] Building CXX object src/engine/input/geopackage/CMakeFiles/openswmm_geopackage.dir/ExternalContentReader.cpp.o
In file included from /Users/calebbuahin/Documents/Projects/cbuahin_github/openswmm.engine/src/engine/input/geopackage/ExternalContentReader.cpp:21:
In file included from /Users/calebbuahin/Documents/Projects/cbuahin_github/openswmm.engine/src/engine/input/geopackage/../../core/SimulationContext.hpp:66:
In file included from /Users/calebbuahin/Documents/Projects/cbuahin_github/openswmm.engine/src/engine/input/geopackage/../../core/../data/GageData.hpp:26:
/Users/calebbuahin/Documents/Projects/cbuahin_github/openswmm.engine/src/engine/input/geopackage/../../core/../data/TableData.hpp:652:47: warning: missing field 'cursor' initializer [-Wmissing-field-initializers]
  652 |         tables.push_back({id, type, {}, {}, {}});
      |                                               ^
1 warning generated.
[10/193] Building CXX object src/engine/CMakeFiles/openswmm_engine.dir/controls/Controls.cpp.o
In file included from /Users/calebbuahin/Documents/Projects/cbuahin_github/openswmm.engine/src/engine/controls/Controls.cpp:12:
In file included from /Users/calebbuahin/Documents/Projects/cbuahin_github/openswmm.engine/src/engine/controls/../core/SimulationContext.hpp:66:
In file included from /Users/calebbuahin/Documents/Projects/cbuahin_github/openswmm.engine/src/engine/controls/../core/../data/GageData.hpp:26:
/Users/calebbuahin/Documents/Projects/cbuahin_github/openswmm.engine/src/engine/controls/../core/../data/TableData.hpp:652:47: warning: missing field 'cursor' initializer [-Wmissing-field-initializers]
  652 |         tables.push_back({id, type, {}, {}, {}});
      |                                               ^
/Users/calebbuahin/Documents/Projects/cbuahin_github/openswmm.engine/src/engine/controls/Controls.cpp:339:46: warning: unused parameter 'current_time' [-Wunused-parameter]
  339 |                                       double current_time, double dt) {
      |                                              ^
2 warnings generated.
[11/193] Building CXX object src/engine/input/geopackage/CMakeFiles/openswmm_geopackage.dir/GeoPackageReader.cpp.o
In file included from /Users/calebbuahin/Documents/Projects/cbuahin_github/openswmm.engine/src/engine/input/geopackage/GeoPackageReader.cpp:12:
In file included from /Users/calebbuahin/Documents/Projects/cbuahin_github/openswmm.engine/src/engine/core/SimulationContext.hpp:66:
In file included from /Users/calebbuahin/Documents/Projects/cbuahin_github/openswmm.engine/src/engine/core/../data/GageData.hpp:26:
/Users/calebbuahin/Documents/Projects/cbuahin_github/openswmm.engine/src/engine/core/../data/TableData.hpp:652:47: warning: missing field 'cursor' initializer [-Wmissing-field-initializers]
  652 |         tables.push_back({id, type, {}, {}, {}});
      |                                               ^
1 warning generated.
[12/193] Building CXX object src/engine/CMakeFiles/openswmm_engine.dir/core/SWMMEngine.cpp.o
In file included from /Users/calebbuahin/Documents/Projects/cbuahin_github/openswmm.engine/src/engine/core/SWMMEngine.cpp:13:
In file included from /Users/calebbuahin/Documents/Projects/cbuahin_github/openswmm.engine/src/engine/core/SWMMEngine.hpp:39:
In file included from /Users/calebbuahin/Documents/Projects/cbuahin_github/openswmm.engine/src/engine/core/SimulationContext.hpp:66:
In file included from /Users/calebbuahin/Documents/Projects/cbuahin_github/openswmm.engine/src/engine/core/../data/GageData.hpp:26:
/Users/calebbuahin/Documents/Projects/cbuahin_github/openswmm.engine/src/engine/core/../data/TableData.hpp:652:47: warning: missing field 'cursor' initializer [-Wmissing-field-initializers]
  652 |         tables.push_back({id, type, {}, {}, {}});
      |                                               ^
In file included from /Users/calebbuahin/Documents/Projects/cbuahin_github/openswmm.engine/src/engine/core/SWMMEngine.cpp:29:
In file included from /Users/calebbuahin/Documents/Projects/cbuahin_github/openswmm.engine/src/engine/core/../plugins/DefaultStateIOPlugin.hpp:28:
/Users/calebbuahin/Documents/Projects/cbuahin_github/openswmm.engine/src/engine/core/../plugins/../../../include/openswmm/plugin_sdk/IStateIOPlugin.hpp:92:46: warning: unused parameter 'path' [-Wunused-parameter]
   92 |     virtual bool can_read(const std::string& path) const { return false; }
      |                                              ^
/Users/calebbuahin/Documents/Projects/cbuahin_github/openswmm.engine/src/engine/core/SWMMEngine.cpp:1519:18: warning: unused variable 'RAIN_TO_FTSEC' [-Wunused-variable]
 1519 |     const double RAIN_TO_FTSEC = 1.0 / ucf::UCF(ucf::RAINFALL, ctx_.options);
      |                  ^~~~~~~~~~~~~
/Users/calebbuahin/Documents/Projects/cbuahin_github/openswmm.engine/src/engine/core/SWMMEngine.cpp:2241:22: warning: unused variable 'OMEGA_NC' [-Wunused-variable]
 2241 |     constexpr double OMEGA_NC = 0.5; // under-relaxation for non-conduit flows
      |                      ^~~~~~~~
/Users/calebbuahin/Documents/Projects/cbuahin_github/openswmm.engine/src/engine/core/SWMMEngine.cpp:64:22: warning: unused variable 'SWMM_ERR_MEMORY' [-Wunused-const-variable]
   64 | static constexpr int SWMM_ERR_MEMORY         = 1;   // public SWMM_ERR_NOMEM
      |                      ^~~~~~~~~~~~~~~
/Users/calebbuahin/Documents/Projects/cbuahin_github/openswmm.engine/src/engine/core/SWMMEngine.cpp:65:22: warning: unused variable 'SWMM_ERR_FILE_NOT_FOUND' [-Wunused-const-variable]
   65 | static constexpr int SWMM_ERR_FILE_NOT_FOUND = 2;   // public SWMM_ERR_INPFILE
      |                      ^~~~~~~~~~~~~~~~~~~~~~~
6 warnings generated.
ninja: build stopped: subcommand failed.
