[1/88] Building CXX object tests/unit/engine/CMakeFiles/test_engine_exfiltration.dir/test_exfiltration.cpp.o
FAILED: [code=1] tests/unit/engine/CMakeFiles/test_engine_exfiltration.dir/test_exfiltration.cpp.o 
/Applications/Xcode.app/Contents/Developer/Toolchains/XcodeDefault.xctoolchain/usr/bin/c++ -DBENCHMARK_DATA_DIR=\"/Users/calebbuahin/Documents/Projects/cbuahin_github/openswmm.engine/tests/benchmarks\" -DH5_BUILT_AS_STATIC_LIB -DOPENSWMM_HAS_2D=1 -DOPENSWMM_HAS_GEOPACKAGE=1 -DOPENSWMM_HAVE_HYPRE -I/Users/calebbuahin/Documents/Projects/cbuahin_github/openswmm.engine/include -I/Users/calebbuahin/Documents/Projects/cbuahin_github/openswmm.engine/src/engine -I/Users/calebbuahin/Documents/Projects/cbuahin_github/openswmm.engine/include/openswmm/engine -I/Users/calebbuahin/Documents/Projects/cbuahin_github/openswmm.engine/include/openswmm/plugin_sdk -I/Users/calebbuahin/Documents/Projects/cbuahin_github/openswmm.engine/build-arm64-osx/src/engine -I/Users/calebbuahin/Documents/Projects/cbuahin_github/openswmm.engine/build-arm64-osx/include -I/Users/calebbuahin/Documents/Projects/cbuahin_github/openswmm.engine/include/openswmm/legacy/engine -I/Users/calebbuahin/Documents/Projects/cbuahin_github/openswmm.engine/build-arm64-osx/src/legacy/engine -isystem /Users/calebbuahin/Documents/Projects/cbuahin_github/openswmm.engine/build-arm64-osx/vcpkg_installed/arm64-osx/include -Wall -Wextra -fno-fast-math -ffp-contract=off -fno-math-errno -fvisibility=hidden -O0 -g -DDEBUG -std=c++20 -arch arm64 -isysroot /Applications/Xcode.app/Contents/Developer/Platforms/MacOSX.platform/Developer/SDKs/MacOSX26.5.sdk -mmacosx-version-min=26.4 -fPIE -MD -MT tests/unit/engine/CMakeFiles/test_engine_exfiltration.dir/test_exfiltration.cpp.o -MF tests/unit/engine/CMakeFiles/test_engine_exfiltration.dir/test_exfiltration.cpp.o.d -o tests/unit/engine/CMakeFiles/test_engine_exfiltration.dir/test_exfiltration.cpp.o -c /Users/calebbuahin/Documents/Projects/cbuahin_github/openswmm.engine/tests/unit/engine/test_exfiltration.cpp
In file included from /Users/calebbuahin/Documents/Projects/cbuahin_github/openswmm.engine/tests/unit/engine/test_exfiltration.cpp:20:
In file included from /Users/calebbuahin/Documents/Projects/cbuahin_github/openswmm.engine/src/engine/core/SimulationContext.hpp:66:
In file included from /Users/calebbuahin/Documents/Projects/cbuahin_github/openswmm.engine/src/engine/core/../data/GageData.hpp:26:
/Users/calebbuahin/Documents/Projects/cbuahin_github/openswmm.engine/src/engine/core/../data/TableData.hpp:652:47: warning: missing field 'cursor' initializer [-Wmissing-field-initializers]
  652 |         tables.push_back({id, type, {}, {}, {}});
      |                                               ^
/Users/calebbuahin/Documents/Projects/cbuahin_github/openswmm.engine/tests/unit/engine/test_exfiltration.cpp:73:11: error: no member named 'storage_curve' in 'openswmm::NodeData'
   73 |     nodes.storage_curve[0] = -1;
      |     ~~~~~ ^
/Users/calebbuahin/Documents/Projects/cbuahin_github/openswmm.engine/tests/unit/engine/test_exfiltration.cpp:74:11: error: no member named 'storage_a' in 'openswmm::NodeData'
   74 |     nodes.storage_a[0] = 100.0;  // A(d) = 50 + 100 * d
      |     ~~~~~ ^
/Users/calebbuahin/Documents/Projects/cbuahin_github/openswmm.engine/tests/unit/engine/test_exfiltration.cpp:75:11: error: no member named 'storage_b' in 'openswmm::NodeData'
   75 |     nodes.storage_b[0] = 1.0;
      |     ~~~~~ ^
/Users/calebbuahin/Documents/Projects/cbuahin_github/openswmm.engine/tests/unit/engine/test_exfiltration.cpp:76:11: error: no member named 'storage_c' in 'openswmm::NodeData'
   76 |     nodes.storage_c[0] = 50.0;
      |     ~~~~~ ^
/Users/calebbuahin/Documents/Projects/cbuahin_github/openswmm.engine/tests/unit/engine/test_exfiltration.cpp:82:11: error: no member named 'exfil_suction' in 'openswmm::NodeData'
   82 |     nodes.exfil_suction[0] = 6.0;  // 0.5 ft in project rain-depth units
      |     ~~~~~ ^
/Users/calebbuahin/Documents/Projects/cbuahin_github/openswmm.engine/tests/unit/engine/test_exfiltration.cpp:83:11: error: no member named 'exfil_ksat' in 'openswmm::NodeData'
   83 |     nodes.exfil_ksat[0] = 4.32;    // in/hr -> internal Ks = 1.0e-4 ft/s
      |     ~~~~~ ^
/Users/calebbuahin/Documents/Projects/cbuahin_github/openswmm.engine/tests/unit/engine/test_exfiltration.cpp:84:11: error: no member named 'exfil_imd' in 'openswmm::NodeData'
   84 |     nodes.exfil_imd[0] = 0.2;
      |     ~~~~~ ^
/Users/calebbuahin/Documents/Projects/cbuahin_github/openswmm.engine/tests/unit/engine/test_exfiltration.cpp:144:38: error: no member named 'storage_exfil_loss' in 'openswmm::NodeData'
  144 |         double step_loss = ctx.nodes.storage_exfil_loss[0];
      |                            ~~~~~~~~~ ^
1 warning and 8 errors generated.
[2/88] Building CXX object tests/unit/engine/CMakeFiles/test_engine_gap_fixes.dir/test_gap_fixes.cpp.o
FAILED: [code=1] tests/unit/engine/CMakeFiles/test_engine_gap_fixes.dir/test_gap_fixes.cpp.o 
/Applications/Xcode.app/Contents/Developer/Toolchains/XcodeDefault.xctoolchain/usr/bin/c++ -DH5_BUILT_AS_STATIC_LIB -DOPENSWMM_HAS_2D=1 -DOPENSWMM_HAS_GEOPACKAGE=1 -DOPENSWMM_HAVE_HYPRE -I/Users/calebbuahin/Documents/Projects/cbuahin_github/openswmm.engine/include -I/Users/calebbuahin/Documents/Projects/cbuahin_github/openswmm.engine/src/engine -I/Users/calebbuahin/Documents/Projects/cbuahin_github/openswmm.engine/include/openswmm/engine -I/Users/calebbuahin/Documents/Projects/cbuahin_github/openswmm.engine/include/openswmm/plugin_sdk -I/Users/calebbuahin/Documents/Projects/cbuahin_github/openswmm.engine/build-arm64-osx/src/engine -I/Users/calebbuahin/Documents/Projects/cbuahin_github/openswmm.engine/build-arm64-osx/include -I/Users/calebbuahin/Documents/Projects/cbuahin_github/openswmm.engine/include/openswmm/legacy/engine -I/Users/calebbuahin/Documents/Projects/cbuahin_github/openswmm.engine/build-arm64-osx/src/legacy/engine -isystem /Users/calebbuahin/Documents/Projects/cbuahin_github/openswmm.engine/build-arm64-osx/vcpkg_installed/arm64-osx/include -Wall -Wextra -fno-fast-math -ffp-contract=off -fno-math-errno -fvisibility=hidden -O0 -g -DDEBUG -std=c++20 -arch arm64 -isysroot /Applications/Xcode.app/Contents/Developer/Platforms/MacOSX.platform/Developer/SDKs/MacOSX26.5.sdk -mmacosx-version-min=26.4 -fPIE -MD -MT tests/unit/engine/CMakeFiles/test_engine_gap_fixes.dir/test_gap_fixes.cpp.o -MF tests/unit/engine/CMakeFiles/test_engine_gap_fixes.dir/test_gap_fixes.cpp.o.d -o tests/unit/engine/CMakeFiles/test_engine_gap_fixes.dir/test_gap_fixes.cpp.o -c /Users/calebbuahin/Documents/Projects/cbuahin_github/openswmm.engine/tests/unit/engine/test_gap_fixes.cpp
In file included from /Users/calebbuahin/Documents/Projects/cbuahin_github/openswmm.engine/tests/unit/engine/test_gap_fixes.cpp:21:
In file included from /Users/calebbuahin/Documents/Projects/cbuahin_github/openswmm.engine/src/engine/core/SimulationContext.hpp:66:
In file included from /Users/calebbuahin/Documents/Projects/cbuahin_github/openswmm.engine/src/engine/core/../data/GageData.hpp:26:
/Users/calebbuahin/Documents/Projects/cbuahin_github/openswmm.engine/src/engine/core/../data/TableData.hpp:652:47: warning: missing field 'cursor' initializer [-Wmissing-field-initializers]
  652 |         tables.push_back({id, type, {}, {}, {}});
      |                                               ^
/Users/calebbuahin/Documents/Projects/cbuahin_github/openswmm.engine/tests/unit/engine/test_gap_fixes.cpp:112:12: warning: unused variable 'sc1_p0' [-Wunused-variable]
  112 |     size_t sc1_p0 = 1 * 3 + 0;
      |            ^~~~~~
/Users/calebbuahin/Documents/Projects/cbuahin_github/openswmm.engine/tests/unit/engine/test_gap_fixes.cpp:624:25: error: no member named 'outfall_route_to' in 'openswmm::NodeData'
  624 |         EXPECT_EQ(nodes.outfall_route_to[static_cast<size_t>(i)], -1);
      |                   ~~~~~ ^
/Users/calebbuahin/Documents/Projects/cbuahin_github/openswmm.engine/tests/unit/engine/test_gap_fixes.cpp:631:11: error: no member named 'outfall_route_to' in 'openswmm::NodeData'
  631 |     nodes.outfall_route_to[1] = 5;
      |     ~~~~~ ^
/Users/calebbuahin/Documents/Projects/cbuahin_github/openswmm.engine/tests/unit/engine/test_gap_fixes.cpp:632:21: error: no member named 'outfall_route_to' in 'openswmm::NodeData'
  632 |     EXPECT_EQ(nodes.outfall_route_to[1], 5);
      |               ~~~~~ ^
/Users/calebbuahin/Documents/Projects/cbuahin_github/openswmm.engine/tests/unit/engine/test_gap_fixes.cpp:1131:11: error: no member named 'storage_curve' in 'openswmm::NodeData'
 1131 |     nodes.storage_curve[0] = -1;  // functional
      |     ~~~~~ ^
/Users/calebbuahin/Documents/Projects/cbuahin_github/openswmm.engine/tests/unit/engine/test_gap_fixes.cpp:1132:11: error: no member named 'storage_a' in 'openswmm::NodeData'
 1132 |     nodes.storage_a[0] = 1000.0;  // A = 1000 (constant area)
      |     ~~~~~ ^
/Users/calebbuahin/Documents/Projects/cbuahin_github/openswmm.engine/tests/unit/engine/test_gap_fixes.cpp:1133:11: error: no member named 'storage_b' in 'openswmm::NodeData'
 1133 |     nodes.storage_b[0] = 0.0;     // exponent = 0
      |     ~~~~~ ^
/Users/calebbuahin/Documents/Projects/cbuahin_github/openswmm.engine/tests/unit/engine/test_gap_fixes.cpp:1134:11: error: no member named 'storage_c' in 'openswmm::NodeData'
 1134 |     nodes.storage_c[0] = 0.0;     // constant = 0
      |     ~~~~~ ^
/Users/calebbuahin/Documents/Projects/cbuahin_github/openswmm.engine/tests/unit/engine/test_gap_fixes.cpp:1148:11: error: no member named 'storage_curve' in 'openswmm::NodeData'
 1148 |     nodes.storage_curve[0] = -1;
      |     ~~~~~ ^
/Users/calebbuahin/Documents/Projects/cbuahin_github/openswmm.engine/tests/unit/engine/test_gap_fixes.cpp:1149:11: error: no member named 'storage_a' in 'openswmm::NodeData'
 1149 |     nodes.storage_a[0] = 100.0;   // a1
      |     ~~~~~ ^
/Users/calebbuahin/Documents/Projects/cbuahin_github/openswmm.engine/tests/unit/engine/test_gap_fixes.cpp:1150:11: error: no member named 'storage_b' in 'openswmm::NodeData'
 1150 |     nodes.storage_b[0] = 1.0;     // a2 (exponent) → A = a1*d^1 = 100*d
      |     ~~~~~ ^
/Users/calebbuahin/Documents/Projects/cbuahin_github/openswmm.engine/tests/unit/engine/test_gap_fixes.cpp:1151:11: error: no member named 'storage_c' in 'openswmm::NodeData'
 1151 |     nodes.storage_c[0] = 50.0;    // a0 → A = 50 + 100*d
      |     ~~~~~ ^
/Users/calebbuahin/Documents/Projects/cbuahin_github/openswmm.engine/tests/unit/engine/test_gap_fixes.cpp:1232:11: error: no member named 'storage_curve' in 'openswmm::NodeData'
 1232 |     nodes.storage_curve[0] = -1;  // functional
      |     ~~~~~ ^
/Users/calebbuahin/Documents/Projects/cbuahin_github/openswmm.engine/tests/unit/engine/test_gap_fixes.cpp:1233:11: error: no member named 'storage_a' in 'openswmm::NodeData'
 1233 |     nodes.storage_a[0] = 1000.0;
      |     ~~~~~ ^
/Users/calebbuahin/Documents/Projects/cbuahin_github/openswmm.engine/tests/unit/engine/test_gap_fixes.cpp:1234:11: error: no member named 'storage_b' in 'openswmm::NodeData'
 1234 |     nodes.storage_b[0] = 0.0;
      |     ~~~~~ ^
/Users/calebbuahin/Documents/Projects/cbuahin_github/openswmm.engine/tests/unit/engine/test_gap_fixes.cpp:1235:11: error: no member named 'storage_c' in 'openswmm::NodeData'
 1235 |     nodes.storage_c[0] = 0.0;
      |     ~~~~~ ^
/Users/calebbuahin/Documents/Projects/cbuahin_github/openswmm.engine/tests/unit/engine/test_gap_fixes.cpp:1250:11: error: no member named 'storage_curve' in 'openswmm::NodeData'
 1250 |     nodes.storage_curve[0] = -1;  // functional
      |     ~~~~~ ^
/Users/calebbuahin/Documents/Projects/cbuahin_github/openswmm.engine/tests/unit/engine/test_gap_fixes.cpp:1251:11: error: no member named 'storage_a' in 'openswmm::NodeData'
 1251 |     nodes.storage_a[0] = 0.0;
      |     ~~~~~ ^
/Users/calebbuahin/Documents/Projects/cbuahin_github/openswmm.engine/tests/unit/engine/test_gap_fixes.cpp:1252:11: error: no member named 'storage_b' in 'openswmm::NodeData'
 1252 |     nodes.storage_b[0] = 0.0;
      |     ~~~~~ ^
/Users/calebbuahin/Documents/Projects/cbuahin_github/openswmm.engine/tests/unit/engine/test_gap_fixes.cpp:1253:11: error: no member named 'storage_c' in 'openswmm::NodeData'
 1253 |     nodes.storage_c[0] = 0.0;
      |     ~~~~~ ^
fatal error: too many errors emitted, stopping now [-ferror-limit=]
2 warnings and 20 errors generated.
[3/88] Building CXX object tests/unit/engine/CMakeFiles/test_engine_geopackage.dir/test_geopackage.cpp.o
FAILED: [code=1] tests/unit/engine/CMakeFiles/test_engine_geopackage.dir/test_geopackage.cpp.o 
/Applications/Xcode.app/Contents/Developer/Toolchains/XcodeDefault.xctoolchain/usr/bin/c++ -DH5_BUILT_AS_STATIC_LIB -DOPENSWMM_HAS_2D=1 -DOPENSWMM_HAS_GEOPACKAGE=1 -DOPENSWMM_HAVE_HYPRE -I/Users/calebbuahin/Documents/Projects/cbuahin_github/openswmm.engine/include -I/Users/calebbuahin/Documents/Projects/cbuahin_github/openswmm.engine/src/engine -I/Users/calebbuahin/Documents/Projects/cbuahin_github/openswmm.engine/include/openswmm/engine -I/Users/calebbuahin/Documents/Projects/cbuahin_github/openswmm.engine/include/openswmm/plugin_sdk -I/Users/calebbuahin/Documents/Projects/cbuahin_github/openswmm.engine/build-arm64-osx/src/engine -I/Users/calebbuahin/Documents/Projects/cbuahin_github/openswmm.engine/build-arm64-osx/include -I/Users/calebbuahin/Documents/Projects/cbuahin_github/openswmm.engine/src/engine/input/geopackage -I/Users/calebbuahin/Documents/Projects/cbuahin_github/openswmm.engine/include/openswmm/legacy/engine -I/Users/calebbuahin/Documents/Projects/cbuahin_github/openswmm.engine/build-arm64-osx/src/legacy/engine -isystem /Users/calebbuahin/Documents/Projects/cbuahin_github/openswmm.engine/build-arm64-osx/vcpkg_installed/arm64-osx/include -Wall -Wextra -fno-fast-math -ffp-contract=off -fno-math-errno -fvisibility=hidden -O0 -g -DDEBUG -std=c++20 -arch arm64 -isysroot /Applications/Xcode.app/Contents/Developer/Platforms/MacOSX.platform/Developer/SDKs/MacOSX26.5.sdk -mmacosx-version-min=26.4 -fPIE -MD -MT tests/unit/engine/CMakeFiles/test_engine_geopackage.dir/test_geopackage.cpp.o -MF tests/unit/engine/CMakeFiles/test_engine_geopackage.dir/test_geopackage.cpp.o.d -o tests/unit/engine/CMakeFiles/test_engine_geopackage.dir/test_geopackage.cpp.o -c /Users/calebbuahin/Documents/Projects/cbuahin_github/openswmm.engine/tests/unit/engine/test_geopackage.cpp
In file included from /Users/calebbuahin/Documents/Projects/cbuahin_github/openswmm.engine/tests/unit/engine/test_geopackage.cpp:18:
In file included from /Users/calebbuahin/Documents/Projects/cbuahin_github/openswmm.engine/src/engine/core/SimulationContext.hpp:66:
In file included from /Users/calebbuahin/Documents/Projects/cbuahin_github/openswmm.engine/src/engine/core/../data/GageData.hpp:26:
/Users/calebbuahin/Documents/Projects/cbuahin_github/openswmm.engine/src/engine/core/../data/TableData.hpp:652:47: warning: missing field 'cursor' initializer [-Wmissing-field-initializers]
  652 |         tables.push_back({id, type, {}, {}, {}});
      |                                               ^
/Users/calebbuahin/Documents/Projects/cbuahin_github/openswmm.engine/tests/unit/engine/test_geopackage.cpp:90:23: error: no member named 'outfall_type' in 'openswmm::NodeData'
   90 |             ctx.nodes.outfall_type.resize(n);
      |             ~~~~~~~~~ ^
/Users/calebbuahin/Documents/Projects/cbuahin_github/openswmm.engine/tests/unit/engine/test_geopackage.cpp:91:23: error: no member named 'outfall_param' in 'openswmm::NodeData'
   91 |             ctx.nodes.outfall_param.resize(n);
      |             ~~~~~~~~~ ^
/Users/calebbuahin/Documents/Projects/cbuahin_github/openswmm.engine/tests/unit/engine/test_geopackage.cpp:92:23: error: no member named 'outfall_has_flap_gate' in 'openswmm::NodeData'
   92 |             ctx.nodes.outfall_has_flap_gate.resize(n);
      |             ~~~~~~~~~ ^
/Users/calebbuahin/Documents/Projects/cbuahin_github/openswmm.engine/tests/unit/engine/test_geopackage.cpp:93:23: error: no member named 'storage_curve' in 'openswmm::NodeData'
   93 |             ctx.nodes.storage_curve.resize(n);
      |             ~~~~~~~~~ ^
/Users/calebbuahin/Documents/Projects/cbuahin_github/openswmm.engine/tests/unit/engine/test_geopackage.cpp:94:23: error: no member named 'storage_curve_name' in 'openswmm::NodeData'
   94 |             ctx.nodes.storage_curve_name.resize(n);
      |             ~~~~~~~~~ ^
/Users/calebbuahin/Documents/Projects/cbuahin_github/openswmm.engine/tests/unit/engine/test_geopackage.cpp:95:23: error: no member named 'storage_a' in 'openswmm::NodeData'
   95 |             ctx.nodes.storage_a.resize(n);
      |             ~~~~~~~~~ ^
/Users/calebbuahin/Documents/Projects/cbuahin_github/openswmm.engine/tests/unit/engine/test_geopackage.cpp:96:23: error: no member named 'storage_b' in 'openswmm::NodeData'
   96 |             ctx.nodes.storage_b.resize(n);
      |             ~~~~~~~~~ ^
/Users/calebbuahin/Documents/Projects/cbuahin_github/openswmm.engine/tests/unit/engine/test_geopackage.cpp:97:23: error: no member named 'storage_c' in 'openswmm::NodeData'
   97 |             ctx.nodes.storage_c.resize(n);
      |             ~~~~~~~~~ ^
/Users/calebbuahin/Documents/Projects/cbuahin_github/openswmm.engine/tests/unit/engine/test_geopackage.cpp:98:23: error: no member named 'divider_type' in 'openswmm::NodeData'
   98 |             ctx.nodes.divider_type.resize(n);
      |             ~~~~~~~~~ ^
/Users/calebbuahin/Documents/Projects/cbuahin_github/openswmm.engine/tests/unit/engine/test_geopackage.cpp:99:23: error: no member named 'divider_cutoff' in 'openswmm::NodeData'
   99 |             ctx.nodes.divider_cutoff.resize(n);
      |             ~~~~~~~~~ ^
/Users/calebbuahin/Documents/Projects/cbuahin_github/openswmm.engine/tests/unit/engine/test_geopackage.cpp:100:23: error: no member named 'divider_curve' in 'openswmm::NodeData'
  100 |             ctx.nodes.divider_curve.resize(n);
      |             ~~~~~~~~~ ^
/Users/calebbuahin/Documents/Projects/cbuahin_github/openswmm.engine/tests/unit/engine/test_geopackage.cpp:101:23: error: no member named 'divider_curve_name' in 'openswmm::NodeData'
  101 |             ctx.nodes.divider_curve_name.resize(n);
      |             ~~~~~~~~~ ^
/Users/calebbuahin/Documents/Projects/cbuahin_github/openswmm.engine/tests/unit/engine/test_geopackage.cpp:121:23: error: no member named 'outfall_type' in 'openswmm::NodeData'
  121 |             ctx.nodes.outfall_type.resize(n);
      |             ~~~~~~~~~ ^
/Users/calebbuahin/Documents/Projects/cbuahin_github/openswmm.engine/tests/unit/engine/test_geopackage.cpp:122:23: error: no member named 'outfall_param' in 'openswmm::NodeData'
  122 |             ctx.nodes.outfall_param.resize(n);
      |             ~~~~~~~~~ ^
/Users/calebbuahin/Documents/Projects/cbuahin_github/openswmm.engine/tests/unit/engine/test_geopackage.cpp:123:23: error: no member named 'outfall_has_flap_gate' in 'openswmm::NodeData'
  123 |             ctx.nodes.outfall_has_flap_gate.resize(n);
      |             ~~~~~~~~~ ^
/Users/calebbuahin/Documents/Projects/cbuahin_github/openswmm.engine/tests/unit/engine/test_geopackage.cpp:124:23: error: no member named 'storage_curve' in 'openswmm::NodeData'
  124 |             ctx.nodes.storage_curve.resize(n);
      |             ~~~~~~~~~ ^
/Users/calebbuahin/Documents/Projects/cbuahin_github/openswmm.engine/tests/unit/engine/test_geopackage.cpp:125:23: error: no member named 'storage_curve_name' in 'openswmm::NodeData'
  125 |             ctx.nodes.storage_curve_name.resize(n);
      |             ~~~~~~~~~ ^
/Users/calebbuahin/Documents/Projects/cbuahin_github/openswmm.engine/tests/unit/engine/test_geopackage.cpp:126:23: error: no member named 'storage_a' in 'openswmm::NodeData'
  126 |             ctx.nodes.storage_a.resize(n);
      |             ~~~~~~~~~ ^
/Users/calebbuahin/Documents/Projects/cbuahin_github/openswmm.engine/tests/unit/engine/test_geopackage.cpp:127:23: error: no member named 'storage_b' in 'openswmm::NodeData'
  127 |             ctx.nodes.storage_b.resize(n);
      |             ~~~~~~~~~ ^
fatal error: too many errors emitted, stopping now [-ferror-limit=]
1 warning and 20 errors generated.
[4/88] Building CXX object tests/unit/engine/CMakeFiles/test_engine_routing.dir/test_routing.cpp.o
FAILED: [code=1] tests/unit/engine/CMakeFiles/test_engine_routing.dir/test_routing.cpp.o 
/Applications/Xcode.app/Contents/Developer/Toolchains/XcodeDefault.xctoolchain/usr/bin/c++ -DBENCHMARK_DATA_DIR=\"/Users/calebbuahin/Documents/Projects/cbuahin_github/openswmm.engine/tests/benchmarks\" -DH5_BUILT_AS_STATIC_LIB -DOPENSWMM_HAS_2D=1 -DOPENSWMM_HAS_GEOPACKAGE=1 -DOPENSWMM_HAVE_HYPRE -I/Users/calebbuahin/Documents/Projects/cbuahin_github/openswmm.engine/include -I/Users/calebbuahin/Documents/Projects/cbuahin_github/openswmm.engine/src/engine -I/Users/calebbuahin/Documents/Projects/cbuahin_github/openswmm.engine/include/openswmm/engine -I/Users/calebbuahin/Documents/Projects/cbuahin_github/openswmm.engine/include/openswmm/plugin_sdk -I/Users/calebbuahin/Documents/Projects/cbuahin_github/openswmm.engine/build-arm64-osx/src/engine -I/Users/calebbuahin/Documents/Projects/cbuahin_github/openswmm.engine/build-arm64-osx/include -I/Users/calebbuahin/Documents/Projects/cbuahin_github/openswmm.engine/include/openswmm/legacy/engine -I/Users/calebbuahin/Documents/Projects/cbuahin_github/openswmm.engine/build-arm64-osx/src/legacy/engine -isystem /Users/calebbuahin/Documents/Projects/cbuahin_github/openswmm.engine/build-arm64-osx/vcpkg_installed/arm64-osx/include -Wall -Wextra -fno-fast-math -ffp-contract=off -fno-math-errno -fvisibility=hidden -O0 -g -DDEBUG -std=c++20 -arch arm64 -isysroot /Applications/Xcode.app/Contents/Developer/Platforms/MacOSX.platform/Developer/SDKs/MacOSX26.5.sdk -mmacosx-version-min=26.4 -fPIE -MD -MT tests/unit/engine/CMakeFiles/test_engine_routing.dir/test_routing.cpp.o -MF tests/unit/engine/CMakeFiles/test_engine_routing.dir/test_routing.cpp.o.d -o tests/unit/engine/CMakeFiles/test_engine_routing.dir/test_routing.cpp.o -c /Users/calebbuahin/Documents/Projects/cbuahin_github/openswmm.engine/tests/unit/engine/test_routing.cpp
In file included from /Users/calebbuahin/Documents/Projects/cbuahin_github/openswmm.engine/tests/unit/engine/test_routing.cpp:36:
In file included from /Users/calebbuahin/Documents/Projects/cbuahin_github/openswmm.engine/src/engine/hydraulics/Node.hpp:21:
/Users/calebbuahin/Documents/Projects/cbuahin_github/openswmm.engine/src/engine/hydraulics/../data/TableData.hpp:652:47: warning: missing field 'cursor' initializer [-Wmissing-field-initializers]
  652 |         tables.push_back({id, type, {}, {}, {}});
      |                                               ^
/Users/calebbuahin/Documents/Projects/cbuahin_github/openswmm.engine/tests/unit/engine/test_routing.cpp:393:12: warning: unused variable 'expected' [-Wunused-variable]
  393 |     double expected = M_PI * 4.0;  // pi * r^2 / 2 = pi * 4 / 2... Actually A = pi*R^2 at half = pi*4/2 = 2pi
      |            ^~~~~~~~
/Users/calebbuahin/Documents/Projects/cbuahin_github/openswmm.engine/tests/unit/engine/test_routing.cpp:497:11: error: no member named 'storage_curve' in 'openswmm::NodeData'
  497 |     nodes.storage_curve[0] = -1;  // functional
      |     ~~~~~ ^
/Users/calebbuahin/Documents/Projects/cbuahin_github/openswmm.engine/tests/unit/engine/test_routing.cpp:498:11: error: no member named 'storage_a' in 'openswmm::NodeData'
  498 |     nodes.storage_a[0] = 1000.0;  // A coefficient
      |     ~~~~~ ^
/Users/calebbuahin/Documents/Projects/cbuahin_github/openswmm.engine/tests/unit/engine/test_routing.cpp:499:11: error: no member named 'storage_b' in 'openswmm::NodeData'
  499 |     nodes.storage_b[0] = 0.0;     // B exponent → A = 1000 * y^0 = 1000
      |     ~~~~~ ^
/Users/calebbuahin/Documents/Projects/cbuahin_github/openswmm.engine/tests/unit/engine/test_routing.cpp:500:11: error: no member named 'storage_c' in 'openswmm::NodeData'
  500 |     nodes.storage_c[0] = 0.0;     // C constant
      |     ~~~~~ ^
/Users/calebbuahin/Documents/Projects/cbuahin_github/openswmm.engine/tests/unit/engine/test_routing.cpp:513:11: error: no member named 'storage_curve' in 'openswmm::NodeData'
  513 |     nodes.storage_curve[0] = -1;
      |     ~~~~~ ^
/Users/calebbuahin/Documents/Projects/cbuahin_github/openswmm.engine/tests/unit/engine/test_routing.cpp:514:11: error: no member named 'storage_a' in 'openswmm::NodeData'
  514 |     nodes.storage_a[0] = 500.0;
      |     ~~~~~ ^
/Users/calebbuahin/Documents/Projects/cbuahin_github/openswmm.engine/tests/unit/engine/test_routing.cpp:515:11: error: no member named 'storage_b' in 'openswmm::NodeData'
  515 |     nodes.storage_b[0] = 0.0;
      |     ~~~~~ ^
/Users/calebbuahin/Documents/Projects/cbuahin_github/openswmm.engine/tests/unit/engine/test_routing.cpp:516:11: error: no member named 'storage_c' in 'openswmm::NodeData'
  516 |     nodes.storage_c[0] = 0.0;
      |     ~~~~~ ^
/Users/calebbuahin/Documents/Projects/cbuahin_github/openswmm.engine/tests/unit/engine/test_routing.cpp:1527:15: error: no member named 'outfall_type' in 'openswmm::NodeData'
 1527 |     ctx.nodes.outfall_type[5]     = OutfallType::FIXED;
      |     ~~~~~~~~~ ^
/Users/calebbuahin/Documents/Projects/cbuahin_github/openswmm.engine/tests/unit/engine/test_routing.cpp:1528:15: error: no member named 'outfall_param' in 'openswmm::NodeData'
 1528 |     ctx.nodes.outfall_param[5]    = y_d;  // stage = invert(0) + y_d = y_d
      |     ~~~~~~~~~ ^
/Users/calebbuahin/Documents/Projects/cbuahin_github/openswmm.engine/tests/unit/engine/test_routing.cpp:1529:15: error: no member named 'outfall_link_idx' in 'openswmm::NodeData'
 1529 |     ctx.nodes.outfall_link_idx[5] = 4;    // last conduit L4 (J4→J5)
      |     ~~~~~~~~~ ^
/Users/calebbuahin/Documents/Projects/cbuahin_github/openswmm.engine/tests/unit/engine/test_routing.cpp:1530:15: error: no member named 'outfall_link_offset' in 'openswmm::NodeData'
 1530 |     ctx.nodes.outfall_link_offset[5] = 0.0;
      |     ~~~~~~~~~ ^
/Users/calebbuahin/Documents/Projects/cbuahin_github/openswmm.engine/tests/unit/engine/test_routing.cpp:1692:15: error: no member named 'outfall_type' in 'openswmm::NodeData'
 1692 |     ctx.nodes.outfall_type[0]  = OutfallType::FIXED;
      |     ~~~~~~~~~ ^
/Users/calebbuahin/Documents/Projects/cbuahin_github/openswmm.engine/tests/unit/engine/test_routing.cpp:1693:15: error: no member named 'outfall_param' in 'openswmm::NodeData'
 1693 |     ctx.nodes.outfall_param[0] = h0;    // stage (ft); ucf_len = 1.0 for CFS
      |     ~~~~~~~~~ ^
/Users/calebbuahin/Documents/Projects/cbuahin_github/openswmm.engine/tests/unit/engine/test_routing.cpp:1694:15: error: no member named 'outfall_link_idx' in 'openswmm::NodeData'
 1694 |     ctx.nodes.outfall_link_idx[0]    = 0;    // conduit 0 connects here
      |     ~~~~~~~~~ ^
/Users/calebbuahin/Documents/Projects/cbuahin_github/openswmm.engine/tests/unit/engine/test_routing.cpp:1695:15: error: no member named 'outfall_link_offset' in 'openswmm::NodeData'
 1695 |     ctx.nodes.outfall_link_offset[0] = 0.0;
      |     ~~~~~~~~~ ^
/Users/calebbuahin/Documents/Projects/cbuahin_github/openswmm.engine/tests/unit/engine/test_routing.cpp:1701:15: error: no member named 'outfall_type' in 'openswmm::NodeData'
 1701 |     ctx.nodes.outfall_type[50]  = OutfallType::FREE;
      |     ~~~~~~~~~ ^
/Users/calebbuahin/Documents/Projects/cbuahin_github/openswmm.engine/tests/unit/engine/test_routing.cpp:1702:15: error: no member named 'outfall_link_idx' in 'openswmm::NodeData'
 1702 |     ctx.nodes.outfall_link_idx[50]    = N_cond - 1;  // conduit 49
      |     ~~~~~~~~~ ^
/Users/calebbuahin/Documents/Projects/cbuahin_github/openswmm.engine/tests/unit/engine/test_routing.cpp:1703:15: error: no member named 'outfall_link_offset' in 'openswmm::NodeData'
 1703 |     ctx.nodes.outfall_link_offset[50] = 0.0;
      |     ~~~~~~~~~ ^
2 warnings and 19 errors generated.
[5/88] Building CXX object src/engine/CMakeFiles/openswmm_engine.dir/core/openswmm_nodes_impl.cpp.o
In file included from /Users/calebbuahin/Documents/Projects/cbuahin_github/openswmm.engine/src/engine/core/openswmm_nodes_impl.cpp:13:
In file included from /Users/calebbuahin/Documents/Projects/cbuahin_github/openswmm.engine/src/engine/core/openswmm_api_common.hpp:16:
In file included from /Users/calebbuahin/Documents/Projects/cbuahin_github/openswmm.engine/src/engine/core/SWMMEngine.hpp:39:
In file included from /Users/calebbuahin/Documents/Projects/cbuahin_github/openswmm.engine/src/engine/core/SimulationContext.hpp:66:
In file included from /Users/calebbuahin/Documents/Projects/cbuahin_github/openswmm.engine/src/engine/core/../data/GageData.hpp:26:
/Users/calebbuahin/Documents/Projects/cbuahin_github/openswmm.engine/src/engine/core/../data/TableData.hpp:652:47: warning: missing field 'cursor' initializer [-Wmissing-field-initializers]
  652 |         tables.push_back({id, type, {}, {}, {}});
      |                                               ^
1 warning generated.
[6/88] Linking CXX shared library src/engine/libopenswmm.engine.6.0.0.dylib
ld: warning: ignoring duplicate libraries: '-ldl', '-lm'
[7/88] Creating library symlink src/engine/libopenswmm.engine.6.dylib src/engine/libopenswmm.engine.dylib
[8/88] Linking CXX executable bin/Debug/test_engine_csv_timeseries
[9/88] Linking CXX executable src/cli/openswmm
[10/88] Linking CXX executable bin/Debug/test_engine_tokenizer
[11/88] Linking CXX executable bin/Debug/test_engine_options_parser
[12/88] Linking CXX executable bin/Debug/test_engine_pluginfactory_builtins
[13/88] Linking CXX executable bin/Debug/test_engine_plugin_filter_invariant
[14/88] Linking CXX executable bin/Debug/test_engine_timeseries_file_roundtrip
[15/88] Linking CXX executable bin/Debug/test_engine_pathresolver
[16/88] Linking CXX executable bin/Debug/test_engine_inp_writer_relative_paths
[17/88] Linking CXX executable bin/Debug/test_engine_plugin_lifecycle
[18/88] Linking CXX executable bin/Debug/test_engine_postparse_resolver
[19/88] Linking CXX executable bin/Debug/test_engine_timeseries_cursor
[20/88] Linking CXX executable bin/Debug/test_engine_output_node_stats
[21/88] Linking CXX executable bin/Debug/test_engine_model_write_with_plugin
[22/88] Linking CXX executable bin/Debug/test_engine_report_options_api
[23/88] Linking CXX executable bin/Debug/test_engine_timestep_ctrl
[24/88] Linking CXX executable bin/Debug/test_engine_capi_file_paths
[25/88] Linking CXX executable bin/Debug/test_engine_events_section
[26/88] Linking CXX executable bin/Debug/test_engine_simd_math
[27/88] Linking CXX executable bin/Debug/test_engine_mathexpr
[28/88] Linking CXX executable bin/Debug/test_engine_io_thread
[29/88] Linking CXX executable bin/Debug/test_engine_user_flags
[30/88] Linking CXX executable bin/Debug/test_engine_hotstart
[31/88] Linking CXX executable bin/Debug/test_engine_user_flags_capi
[32/88] Linking CXX executable bin/Debug/test_engine_files_section
[33/88] Linking CXX executable bin/Debug/test_engine_section_registry
[34/88] Linking CXX executable bin/Debug/test_engine_crs
[35/88] Linking CXX executable bin/Debug/test_engine_street_xsect
[36/88] Linking CXX executable bin/Debug/test_engine_xsection
[37/88] Linking CXX executable bin/Debug/test_engine_street_xsect_api
[38/88] Linking CXX executable bin/Debug/test_engine_ode_solver
[39/88] Linking CXX executable bin/Debug/test_engine_infiltration
[40/88] Linking CXX executable bin/Debug/test_engine_massbalance
[41/88] Linking CXX executable bin/Debug/test_engine_runoff
[42/88] Linking CXX executable bin/Debug/test_engine_snow
[43/88] Linking CXX executable bin/Debug/test_engine_gage_attributes
[44/88] Linking CXX executable bin/Debug/test_engine_climate
[45/88] Linking CXX executable bin/Debug/test_engine_groundwater
[46/88] Linking CXX executable bin/Debug/test_engine_lid
[47/88] Linking CXX executable bin/Debug/test_engine_gage_scalefactor
[48/88] Linking CXX executable bin/Debug/test_engine_quality_routing
[49/88] Linking CXX executable bin/Debug/test_engine_benchmark_corpus
[50/88] Linking CXX executable bin/Debug/test_engine_hydrograph_mutation
[51/88] Linking CXX executable bin/Debug/test_engine_rdii
[52/88] Linking CXX executable bin/Debug/test_engine_treatment
[53/88] Linking CXX executable bin/Debug/test_engine_transect_inp_parser
[54/88] Linking CXX executable bin/Debug/test_engine_pattern_mutation
[55/88] Linking CXX executable bin/Debug/test_engine_transect_mutation
[56/88] Linking CXX executable bin/Debug/test_engine_da4_api
[57/88] Linking CXX executable bin/Debug/test_engine_controls
[58/88] Linking CXX executable bin/Debug/test_engine_control_rule_validate
[59/88] Linking CXX executable bin/Debug/test_engine_controls_legacy_parity
[60/88] Linking CXX executable bin/Debug/test_engine_links_pump_stats_bulk
[61/88] Linking CXX executable bin/Debug/test_engine_nodes_bulk_phase3
[62/88] Linking CXX executable bin/Debug/test_engine_subcatchments_bulk_phase3
[63/88] Linking CXX executable bin/Debug/test_engine_subcatch_editor_api
[64/88] Linking CXX executable bin/Debug/test_engine_statistics_bulk_phase3
[65/88] Linking CXX executable bin/Debug/test_engine_runoff_interface_capi
[66/88] Linking CXX executable bin/Debug/test_engine_concurrent
[67/88] Linking CXX executable bin/Debug/test_engine_report_section
[68/88] Linking CXX executable bin/Debug/test_engine_links_bulk_phase3
[69/88] Linking CXX executable bin/Debug/test_engine_object_deletion
[70/88] Linking CXX executable bin/Debug/test_engine_type_conversion
[71/88] Linking CXX executable bin/Debug/test_engine_tags
[72/88] Linking CXX executable bin/Debug/test_engine_link_flow_roundtrip
[73/88] Linking CXX executable bin/Debug/test_engine_site_drainage_builder
[74/88] Linking CXX executable bin/Debug/test_engine_2d_coupling_units
[75/88] Linking CXX executable bin/Debug/test_engine_2d_surface
[76/88] Linking CXX executable bin/Debug/test_engine_inp_writer_2d
[77/88] Linking CXX executable bin/Debug/test_engine_xsect_parity
[78/88] Linking CXX executable bin/Debug/test_engine_2d_outfall_coupling
[79/88] Linking CXX executable bin/Debug/test_engine_geopackage_external_content_writer
[80/88] Linking CXX executable bin/Debug/test_engine_geopackage_schema_external_content
[81/88] Linking CXX executable bin/Debug/test_engine_geopackage_external_content_reader
[82/88] Linking CXX executable bin/Debug/test_engine_geopackage_formats
[83/88] Linking CXX executable bin/Debug/test_engine_geopackage_mesh2d
[84/88] Linking CXX executable tests/regression/test_engine_regression
ninja: build stopped: cannot make progress due to previous errors.
