[1/87] Building CXX object src/engine/input/geopackage/CMakeFiles/openswmm_geopackage.dir/GeoPackageWriter.cpp.o
In file included from /Users/calebbuahin/Documents/Projects/cbuahin_github/openswmm.engine/src/engine/input/geopackage/GeoPackageWriter.cpp:13:
In file included from /Users/calebbuahin/Documents/Projects/cbuahin_github/openswmm.engine/src/engine/core/SimulationContext.hpp:66:
In file included from /Users/calebbuahin/Documents/Projects/cbuahin_github/openswmm.engine/src/engine/core/../data/GageData.hpp:26:
/Users/calebbuahin/Documents/Projects/cbuahin_github/openswmm.engine/src/engine/core/../data/TableData.hpp:652:47: warning: missing field 'cursor' initializer [-Wmissing-field-initializers]
  652 |         tables.push_back({id, type, {}, {}, {}});
      |                                               ^
1 warning generated.
[2/87] Building CXX object src/engine/CMakeFiles/openswmm_engine.dir/input/PostParseResolver.cpp.o
In file included from /Users/calebbuahin/Documents/Projects/cbuahin_github/openswmm.engine/src/engine/input/PostParseResolver.cpp:16:
In file included from /Users/calebbuahin/Documents/Projects/cbuahin_github/openswmm.engine/src/engine/input/../core/SimulationContext.hpp:66:
In file included from /Users/calebbuahin/Documents/Projects/cbuahin_github/openswmm.engine/src/engine/input/../core/../data/GageData.hpp:26:
/Users/calebbuahin/Documents/Projects/cbuahin_github/openswmm.engine/src/engine/input/../core/../data/TableData.hpp:652:47: warning: missing field 'cursor' initializer [-Wmissing-field-initializers]
  652 |         tables.push_back({id, type, {}, {}, {}});
      |                                               ^
1 warning generated.
[3/87] Linking CXX static library src/engine/input/geopackage/libopenswmm.geopackage.a
[4/87] Building CXX object src/engine/CMakeFiles/openswmm_engine.dir/core/InpWriter.cpp.o
In file included from /Users/calebbuahin/Documents/Projects/cbuahin_github/openswmm.engine/src/engine/core/InpWriter.cpp:33:
In file included from /Users/calebbuahin/Documents/Projects/cbuahin_github/openswmm.engine/src/engine/core/SimulationContext.hpp:66:
In file included from /Users/calebbuahin/Documents/Projects/cbuahin_github/openswmm.engine/src/engine/core/../data/GageData.hpp:26:
/Users/calebbuahin/Documents/Projects/cbuahin_github/openswmm.engine/src/engine/core/../data/TableData.hpp:652:47: warning: missing field 'cursor' initializer [-Wmissing-field-initializers]
  652 |         tables.push_back({id, type, {}, {}, {}});
      |                                               ^
1 warning generated.
[5/87] Linking CXX shared library src/engine/libopenswmm.engine.6.0.0.dylib
ld: warning: ignoring duplicate libraries: '-ldl', '-lm'
[6/87] Creating library symlink src/engine/libopenswmm.engine.6.dylib src/engine/libopenswmm.engine.dylib
[7/87] Linking CXX executable bin/Debug/test_engine_pathresolver
[8/87] Linking CXX executable bin/Debug/test_engine_timeseries_file_roundtrip
[9/87] Linking CXX executable bin/Debug/test_engine_inp_writer_relative_paths
[10/87] Linking CXX executable bin/Debug/test_engine_options_parser
[11/87] Linking CXX executable bin/Debug/test_engine_csv_timeseries
[12/87] Linking CXX executable bin/Debug/test_engine_plugin_lifecycle
[13/87] Linking CXX executable bin/Debug/test_engine_plugin_filter_invariant
[14/87] Linking CXX executable bin/Debug/test_engine_pluginfactory_builtins
[15/87] Linking CXX executable src/cli/openswmm
[16/87] Linking CXX executable bin/Debug/test_engine_postparse_resolver
[17/87] Linking CXX executable bin/Debug/test_engine_timeseries_cursor
[18/87] Linking CXX executable bin/Debug/test_engine_tokenizer
[19/87] Linking CXX executable bin/Debug/test_engine_output_node_stats
[20/87] Linking CXX executable bin/Debug/test_engine_files_section
[21/87] Linking CXX executable bin/Debug/test_engine_events_section
[22/87] Linking CXX executable bin/Debug/test_engine_report_options_api
[23/87] Linking CXX executable bin/Debug/test_engine_capi_file_paths
[24/87] Linking CXX executable bin/Debug/test_engine_hotstart
[25/87] Linking CXX executable bin/Debug/test_engine_io_thread
[26/87] Linking CXX executable bin/Debug/test_engine_simd_math
[27/87] Linking CXX executable bin/Debug/test_engine_mathexpr
[28/87] Linking CXX executable bin/Debug/test_engine_model_write_with_plugin
[29/87] Linking CXX executable bin/Debug/test_engine_timestep_ctrl
[30/87] Linking CXX executable bin/Debug/test_engine_user_flags
[31/87] Linking CXX executable bin/Debug/test_engine_user_flags_capi
[32/87] Linking CXX executable bin/Debug/test_engine_xsection
[33/87] Linking CXX executable bin/Debug/test_engine_crs
[34/87] Linking CXX executable bin/Debug/test_engine_street_xsect_api
[35/87] Linking CXX executable bin/Debug/test_engine_section_registry
[36/87] Linking CXX executable bin/Debug/test_engine_massbalance
[37/87] Linking CXX executable bin/Debug/test_engine_street_xsect
[38/87] Linking CXX executable bin/Debug/test_engine_ode_solver
[39/87] Linking CXX executable bin/Debug/test_engine_infiltration
[40/87] Linking CXX executable bin/Debug/test_engine_snow
[41/87] Linking CXX executable bin/Debug/test_engine_runoff
[42/87] Linking CXX executable bin/Debug/test_engine_gage_attributes
[43/87] Linking CXX executable bin/Debug/test_engine_climate
[44/87] Linking CXX executable bin/Debug/test_engine_exfiltration
[45/87] Linking CXX executable bin/Debug/test_engine_groundwater
[46/87] Linking CXX executable bin/Debug/test_engine_routing
[47/87] Linking CXX executable bin/Debug/test_engine_treatment
[48/87] Linking CXX executable bin/Debug/test_engine_lid
[49/87] Linking CXX executable bin/Debug/test_engine_benchmark_corpus
[50/87] Linking CXX executable bin/Debug/test_engine_gage_scalefactor
[51/87] Linking CXX executable bin/Debug/test_engine_quality_routing
[52/87] Linking CXX executable bin/Debug/test_engine_rdii
[53/87] Linking CXX executable bin/Debug/test_engine_pattern_mutation
[54/87] Linking CXX executable bin/Debug/test_engine_hydrograph_mutation
[55/87] Linking CXX executable bin/Debug/test_engine_transect_mutation
[56/87] Linking CXX executable bin/Debug/test_engine_controls
[57/87] Linking CXX executable bin/Debug/test_engine_da4_api
[58/87] Linking CXX executable bin/Debug/test_engine_transect_inp_parser
[59/87] Linking CXX executable bin/Debug/test_engine_control_rule_validate
[60/87] Linking CXX executable bin/Debug/test_engine_links_pump_stats_bulk
[61/87] Linking CXX executable bin/Debug/test_engine_links_bulk_phase3
[62/87] Linking CXX executable bin/Debug/test_engine_statistics_bulk_phase3
[63/87] Linking CXX executable bin/Debug/test_engine_nodes_bulk_phase3
[64/87] Linking CXX executable bin/Debug/test_engine_controls_legacy_parity
[65/87] Linking CXX executable bin/Debug/test_engine_report_section
[66/87] Linking CXX executable bin/Debug/test_engine_gap_fixes
[67/87] Linking CXX executable bin/Debug/test_engine_subcatchments_bulk_phase3
[68/87] Linking CXX executable bin/Debug/test_engine_subcatch_editor_api
[69/87] Linking CXX executable bin/Debug/test_engine_runoff_interface_capi
[70/87] Linking CXX executable bin/Debug/test_engine_object_deletion
[71/87] Linking CXX executable bin/Debug/test_engine_concurrent
[72/87] Linking CXX executable bin/Debug/test_engine_type_conversion
[73/87] Linking CXX executable bin/Debug/test_engine_link_flow_roundtrip
[74/87] Linking CXX executable bin/Debug/test_engine_site_drainage_builder
[75/87] Linking CXX executable bin/Debug/test_engine_tags
[76/87] Linking CXX executable bin/Debug/test_engine_2d_coupling_units
[77/87] Linking CXX executable bin/Debug/test_engine_2d_outfall_coupling
[78/87] Linking CXX executable bin/Debug/test_engine_xsect_parity
[79/87] Linking CXX executable bin/Debug/test_engine_inp_writer_2d
[80/87] Linking CXX executable bin/Debug/test_engine_geopackage_formats
[81/87] Linking CXX executable bin/Debug/test_engine_geopackage
[82/87] Linking CXX executable bin/Debug/test_engine_geopackage_schema_external_content
[83/87] Linking CXX executable bin/Debug/test_engine_geopackage_mesh2d
[84/87] Linking CXX executable bin/Debug/test_engine_geopackage_external_content_reader
[85/87] Linking CXX executable bin/Debug/test_engine_geopackage_external_content_writer
[86/87] Linking CXX executable tests/regression/test_engine_regression
[87/87] Linking CXX executable bin/Debug/test_engine_2d_surface
